weekend work
weekend work
weekend work
weekend work
weekend work
weekend work
weekend work
weekend work
serious trouble
weekend work
weekend work
weekend work
weekend work
weekend work
weekend work
weekend work
weekend work
weekend work
weekend work
weekend work
weekend work
weekend work
weekend work
weekend work
weekend work
weekend work
weekend work
fine
weekend work
weekend work
weekend work
weekend work
weekend work
weekend work
weekend work
weekend work
weekend work
weekend work
weekend work
weekend work
weekend work
weekend work
weekend work
weekend work
weekend work
weekend work
weekend work
weekend work
weekend work
weekend work
weekend work
weekend work
weekend work
weekend work
weekend work
